// Jest Snapshot v1, https://goo.gl/fbAQLP

exports[`AuthorLink component renders correctly 1`] = `
<a
  className="author-link"
  href="https://github.com/test-author"
>
  <img
    alt="test-author"
    className="author-img"
    src="https://github.com/test-author.png?size=60"
  />
</a>
`;
